#
# There is insufficient memory for the Java Runtime Environment to continue.
# Native memory allocation (mmap) failed to map 369098752 bytes. Error detail: G1 virtual space
# Possible reasons:
#   The system is out of physical RAM or swap space
#   This process is running with CompressedOops enabled, and the Java Heap may be blocking the growth of the native heap
# Possible solutions:
#   Reduce memory load on the system
#   Increase physical memory or swap space
#   Check if swap backing store is full
#   Decrease Java heap size (-Xmx/-Xms)
#   Decrease number of Java threads
#   Decrease Java thread stack sizes (-Xss)
#   Set larger code cache with -XX:ReservedCodeCacheSize=
#   JVM is running with Zero Based Compressed Oops mode in which the Java heap is
#     placed in the first 32GB address space. The Java Heap base address is the
#     maximum limit for the native heap growth. Please use -XX:HeapBaseMinAddress
#     to set the Java Heap base and to place the Java Heap above 32GB virtual address.
# This output file may be truncated or incomplete.
#
#  Out of Memory Error (os_windows.cpp:3926), pid=10856, tid=18280
#
# JRE version:  (21.0.10) (build )
# Java VM: OpenJDK 64-Bit Server VM (21.0.10+-14961533-b1163.108, mixed mode, sharing, tiered, compressed oops, compressed class ptrs, g1 gc, windows-amd64)
# No core dump will be written. Minidumps are not enabled by default on client versions of Windows
#

---------------  S U M M A R Y ------------

Command Line: org.jetbrains.kotlin.cli.jvm.K2JVMCompiler @C:\Users\Ciany\AndroidStudioProjects\ManejoBugs\app\build\20260602_3376250715100738581.compiler.options

Host: AMD Ryzen 5 3450U with Radeon Vega Mobile Gfx  , 8 cores, 21G,  Windows 11 , 64 bit Build 26100 (10.0.26100.8328)
Time: Tue Jun  2 10:54:57 2026 Hora estándar, América Central elapsed time: 0.566341 seconds (0d 0h 0m 0s)

---------------  T H R E A D  ---------------

Current thread (0x0000025bff821f20):  JavaThread "Unknown thread" [_thread_in_vm, id=18280, stack(0x0000009d39200000,0x0000009d39300000) (1024K)]

Stack: [0x0000009d39200000,0x0000009d39300000]
Native frames: (J=compiled Java code, j=interpreted, Vv=VM code, C=native code)
V  [jvm.dll+0x6d78a9]
V  [jvm.dll+0x8665b3]
V  [jvm.dll+0x868bde]
V  [jvm.dll+0x8692c3]
V  [jvm.dll+0x280ee6]
V  [jvm.dll+0x6d4165]
V  [jvm.dll+0x6c77fa]
V  [jvm.dll+0x358f4b]
V  [jvm.dll+0x360bc6]
V  [jvm.dll+0x3b2ea6]
V  [jvm.dll+0x3b3178]
V  [jvm.dll+0x32b65c]
V  [jvm.dll+0x32c34b]
V  [jvm.dll+0x82f449]
V  [jvm.dll+0x3c0078]
V  [jvm.dll+0x8185e8]
V  [jvm.dll+0x45449e]
V  [jvm.dll+0x455c01]
C  [jli.dll+0x52ab]
C  [ucrtbase.dll+0x37b0]
C  [KERNEL32.DLL+0x2e957]
C  [ntdll.dll+0x427c]


---------------  P R O C E S S  ---------------

Threads class SMR info:
_java_thread_list=0x00007ffd4bcab9c8, length=0, elements={
}

Java Threads: ( => current thread )
Total: 0

Other Threads:
  0x0000025bffee3200 WorkerThread "GC Thread#0"                     [id=27512, stack(0x0000009d39300000,0x0000009d39400000) (1024K)]
  0x0000025bffeef100 ConcurrentGCThread "G1 Main Marker"            [id=24832, stack(0x0000009d39400000,0x0000009d39500000) (1024K)]
  0x0000025bffef0420 WorkerThread "G1 Conc#0"                       [id=4340, stack(0x0000009d39500000,0x0000009d39600000) (1024K)]

[error occurred during error reporting (printing all threads), id 0xc0000005, EXCEPTION_ACCESS_VIOLATION (0xc0000005) at pc=0x00007ffd4b49e637]
VM state: not at safepoint (not fully initialized)

VM Mutex/Monitor currently owned by a thread:  ([mutex/lock_event])
[0x00007ffd4bd187d0] Heap_lock - owner thread: 0x0000025bff821f20

Heap address: 0x00000006a1c00000, size: 5604 MB, Compressed Oops mode: Zero based, Oop shift amount: 3

CDS archive(s) mapped at: [0x0000000000000000-0x0000000000000000-0x0000000000000000), size 0, SharedBaseAddress: 0x0000000800000000, ArchiveRelocationMode: 1.
Narrow klass base: 0x0000000000000000, Narrow klass shift: 0, Narrow klass range: 0x0

GC Precious Log:
 CardTable entry size: 512
 Card Set container configuration: InlinePtr #cards 4 size 8 Array Of Cards #cards 32 size 80 Howl #buckets 8 coarsen threshold 7372 Howl Bitmap #cards 1024 size 144 coarsen threshold 921 Card regions per heap region 1 cards per card region 8192

Heap:
 garbage-first heap   total 0K, used 0K [0x00000006a1c00000, 0x0000000800000000)
  region size 4096K, 0 young (0K), 0 survivors (0K)
 Metaspace       used 0K, committed 0K, reserved 0K
  class space    used 0K, committed 0K, reserved 0K

Heap Regions: E=young(eden), S=young(survivor), O=old, HS=humongous(starts), HC=humongous(continues), CS=collection set, F=free, TAMS=top-at-mark-start, PB=parsable bottom

Card table byte_map: [0x0000025b94a20000,0x0000025b95520000] _byte_map_base: 0x0000025b91512000

Marking Bits: (CMBitMap*) 0x0000025bffee3910
 Bits: [0x0000025b95520000, 0x0000025b9acb0000)

GC Heap History (0 events):
No events

Dll operation events (1 events):
Event: 0.183 Loaded shared library C:\Program Files\Android\Android Studio1\jbr\bin\java.dll

Deoptimization events (0 events):
No events

Classes loaded (0 events):
No events

Classes unloaded (0 events):
No events

Classes redefined (0 events):
No events

Internal exceptions (0 events):
No events

ZGC Phase Switch (0 events):
No events

VM Operations (0 events):
No events

Memory protections (0 events):
No events

Nmethod flushes (0 events):
No events

Events (0 events):
No events


Dynamic libraries:
0x00007ff6c8de0000 - 0x00007ff6c8dea000 	C:\Program Files\Android\Android Studio1\jbr\bin\java.exe
0x00007ffe01fa0000 - 0x00007ffe02207000 	C:\WINDOWS\SYSTEM32\ntdll.dll
0x00007ffe00840000 - 0x00007ffe00909000 	C:\WINDOWS\System32\KERNEL32.DLL
0x00007ffdff920000 - 0x00007ffdffd17000 	C:\WINDOWS\System32\KERNELBASE.dll
0x00007ffdfe9d0000 - 0x00007ffdfeb1b000 	C:\WINDOWS\System32\ucrtbase.dll
0x00007ffdfa210000 - 0x00007ffdfa22b000 	C:\Program Files\Android\Android Studio1\jbr\bin\VCRUNTIME140.dll
0x00007ffdf5610000 - 0x00007ffdf5628000 	C:\Program Files\Android\Android Studio1\jbr\bin\jli.dll
0x00007ffe012c0000 - 0x00007ffe01486000 	C:\WINDOWS\System32\USER32.dll
0x00007ffdfef10000 - 0x00007ffdfef37000 	C:\WINDOWS\System32\win32u.dll
0x00007ffe01490000 - 0x00007ffe014bb000 	C:\WINDOWS\System32\GDI32.dll
0x00007ffdfec60000 - 0x00007ffdfed8c000 	C:\WINDOWS\System32\gdi32full.dll
0x00007ffdfeb20000 - 0x00007ffdfebc3000 	C:\WINDOWS\System32\msvcp_win.dll
0x00007ffded1e0000 - 0x00007ffded472000 	C:\WINDOWS\WinSxS\amd64_microsoft.windows.common-controls_6595b64144ccf1df_6.0.26100.8457_none_3e0b2faee331e92d\COMCTL32.dll
0x00007ffdffe20000 - 0x00007ffdffec9000 	C:\WINDOWS\System32\msvcrt.dll
0x00007ffe00420000 - 0x00007ffe00452000 	C:\WINDOWS\System32\IMM32.DLL
0x00007ffdfa200000 - 0x00007ffdfa20c000 	C:\Program Files\Android\Android Studio1\jbr\bin\vcruntime140_1.dll
0x00007ffdd2680000 - 0x00007ffdd270d000 	C:\Program Files\Android\Android Studio1\jbr\bin\msvcp140.dll
0x00007ffd4b160000 - 0x00007ffd4bdf6000 	C:\Program Files\Android\Android Studio1\jbr\bin\server\jvm.dll
0x00007ffe01660000 - 0x00007ffe01716000 	C:\WINDOWS\System32\ADVAPI32.dll
0x00007ffe014f0000 - 0x00007ffe01597000 	C:\WINDOWS\System32\sechost.dll
0x00007ffe00af0000 - 0x00007ffe00c08000 	C:\WINDOWS\System32\RPCRT4.dll
0x00007ffe00d10000 - 0x00007ffe00d90000 	C:\WINDOWS\System32\WS2_32.dll
0x00007ffdfe850000 - 0x00007ffdfe8ae000 	C:\WINDOWS\SYSTEM32\POWRPROF.dll
0x00007ffdf8730000 - 0x00007ffdf8766000 	C:\WINDOWS\SYSTEM32\WINMM.dll
0x00007ffdf8770000 - 0x00007ffdf877b000 	C:\WINDOWS\SYSTEM32\VERSION.dll
0x00007ffdfe810000 - 0x00007ffdfe824000 	C:\WINDOWS\SYSTEM32\UMPDC.dll
0x00007ffdfd760000 - 0x00007ffdfd77b000 	C:\WINDOWS\SYSTEM32\kernel.appcore.dll
0x00007ffdf5640000 - 0x00007ffdf564a000 	C:\Program Files\Android\Android Studio1\jbr\bin\jimage.dll
0x00007ffdf4440000 - 0x00007ffdf4682000 	C:\WINDOWS\SYSTEM32\DBGHELP.DLL
0x00007ffe00010000 - 0x00007ffe00393000 	C:\WINDOWS\System32\combase.dll
0x00007ffdffed0000 - 0x00007ffdfffa9000 	C:\WINDOWS\System32\OLEAUT32.dll
0x00007ffde6680000 - 0x00007ffde66bb000 	C:\WINDOWS\SYSTEM32\dbgcore.DLL
0x00007ffdfef40000 - 0x00007ffdfefe8000 	C:\WINDOWS\System32\bcryptPrimitives.dll
0x00007ffdf5360000 - 0x00007ffdf5380000 	C:\Program Files\Android\Android Studio1\jbr\bin\java.dll

JVMTI agents: none

dbghelp: loaded successfully - version: 4.0.5 - missing functions: none
symbol engine: initialized successfully - sym options: 0x614 - pdb path: .;C:\Program Files\Android\Android Studio1\jbr\bin;C:\WINDOWS\SYSTEM32;C:\WINDOWS\WinSxS\amd64_microsoft.windows.common-controls_6595b64144ccf1df_6.0.26100.8457_none_3e0b2faee331e92d;C:\Program Files\Android\Android Studio1\jbr\bin\server

VM Arguments:
java_command: org.jetbrains.kotlin.cli.jvm.K2JVMCompiler @C:\Users\Ciany\AndroidStudioProjects\ManejoBugs\app\build\20260602_3376250715100738581.compiler.options
java_class_path (initial): C:\Users\Ciany\.gradle\caches\modules-2\files-2.1\org.jetbrains.kotlin\kotlin-compiler-embeddable\2.2.10\6882d39ef03b18879c1a5d2a83c2212361bed5fe\kotlin-compiler-embeddable-2.2.10.jar;C:\Users\Ciany\.gradle\caches\modules-2\files-2.1\org.jetbrains.kotlin\kotlin-stdlib\2.2.10\30de6faa127a4a012db8e71bf1b9c0a99b1402b2\kotlin-stdlib-2.2.10.jar;C:\Users\Ciany\.gradle\caches\modules-2\files-2.1\org.jetbrains.kotlin\kotlin-script-runtime\2.2.10\712f9bc08f378c13a4a00f0bbb28c76e59183e83\kotlin-script-runtime-2.2.10.jar;C:\Users\Ciany\.gradle\caches\modules-2\files-2.1\org.jetbrains.kotlin\kotlin-reflect\1.6.10\1cbe9c92c12a94eea200d23c2bbaedaf3daf5132\kotlin-reflect-1.6.10.jar;C:\Users\Ciany\.gradle\caches\modules-2\files-2.1\org.jetbrains.kotlin\kotlin-daemon-embeddable\2.2.10\212fd3c2c6e4e5d0f4db3c4191233e2b622380cc\kotlin-daemon-embeddable-2.2.10.jar;C:\Users\Ciany\.gradle\caches\modules-2\files-2.1\org.jetbrains.kotlinx\kotlinx-coroutines-core-jvm\1.8.0\ac1dc37a30a93150b704022f8d895ee1bd3a36b3\kotlinx-coroutines-core-jvm-1.8.0.jar;C:\Users\Ciany\.gradle\caches\modules-2\files-2.1\org.jetbrains\annotations\13.0\919f0dfe192fb4e063e7dacadee7f8bb9a2672a9\annotations-13.0.jar
Launcher Type: SUN_STANDARD

[Global flags]
     intx CICompilerCount                          = 4                                         {product} {ergonomic}
     uint ConcGCThreads                            = 2                                         {product} {ergonomic}
     uint G1ConcRefinementThreads                  = 8                                         {product} {ergonomic}
   size_t G1HeapRegionSize                         = 4194304                                   {product} {ergonomic}
    uintx GCDrainStackTargetSize                   = 64                                        {product} {ergonomic}
   size_t InitialHeapSize                          = 369098752                                 {product} {ergonomic}
   size_t MarkStackSize                            = 4194304                                   {product} {ergonomic}
   size_t MaxHeapSize                              = 5876219904                                {product} {ergonomic}
   size_t MinHeapDeltaBytes                        = 4194304                                   {product} {ergonomic}
   size_t MinHeapSize                              = 8388608                                   {product} {ergonomic}
    uintx NonNMethodCodeHeapSize                   = 5839372                                {pd product} {ergonomic}
    uintx NonProfiledCodeHeapSize                  = 122909434                              {pd product} {ergonomic}
    uintx ProfiledCodeHeapSize                     = 122909434                              {pd product} {ergonomic}
    uintx ReservedCodeCacheSize                    = 251658240                              {pd product} {ergonomic}
     bool SegmentedCodeCache                       = true                                      {product} {ergonomic}
   size_t SoftMaxHeapSize                          = 5876219904                             {manageable} {ergonomic}
     bool UseCompressedOops                        = true                           {product lp64_product} {ergonomic}
     bool UseG1GC                                  = true                                      {product} {ergonomic}
     bool UseLargePagesIndividualAllocation        = false                                  {pd product} {ergonomic}

Logging:
Log output configuration:
 #0: stdout all=warning uptime,level,tags foldmultilines=false
 #1: stderr all=off uptime,level,tags foldmultilines=false

Release file:
<release file has not been read>
Environment Variables:
PATH=C:\Python313\Scripts\;C:\Python313\;C:\Program Files\Common Files\Oracle\Java\javapath;C:\WINDOWS\system32;C:\WINDOWS;C:\WINDOWS\System32\Wbem;C:\WINDOWS\System32\WindowsPowerShell\v1.0\;C:\WINDOWS\System32\OpenSSH\;C:\Program Files\dotnet\;C:\Program Files\Microsoft SQL Server\Client SDK\ODBC\180\Tools\Binn\;c:\Program Files\nodejs\;C:\ProgramData\chocolatey\bin;C:\xampp\php;C:\composer;C:\Program Files\Docker\Docker\resources\bin;C:\Program Files\Amazon\AWSCLIV2\;C:\WINDOWS\system32\config\systemprofile\AppData\Local\Muse Hub\lib;C:\Program Files\Git\cmd;C:\Program Files\GitHub CLI\;C:\Users\Ciany\AppData\Local\Programs\Python\Python310\Scripts\;C:\Users\Ciany\AppData\Local\Programs\Python\Python310\;C:\Users\Ciany\AppData\Local\Programs\Microsoft VS Code;C:\Python313\Scripts\;C:\Python313\;C:\Program Files\Common Files\Oracle\Java\javapath;C:\WINDOWS\system32;C:\WINDOWS;C:\WINDOWS\System32\Wbem;C:\WINDOWS\System32\WindowsPowerShell\v1.0\;C:\WINDOWS\System32\OpenSSH\;C:\Program Files\dotnet\;C:\Program Files\Microsoft SQL Server\Client SDK\ODBC\180\Tools\Binn\;C:\Program Files\Git\cmd;c:\Program Files\nodejs\;C:\ProgramData\chocolatey\bin;C:\xampp\php;C:\composer;C:\Program Files\Docker\Docker\resources\bin;C:\Program Files\Amazon\AWSCLIV2\;C:\WINDOWS\system32\config\systemprofile\AppData\Local\Muse Hub\lib;C:\Users\Ciany\AppData\Local\Microsoft\WindowsApps;C:\Users\Ciany\AppData\Roaming\npm;C:\Users\Ciany\AppData\Roaming\Composer\vendor\bin;C:\Users\Ciany\AppData\Local\Programs\Microsoft VS Code\bin;C:\Users\Ciany\AppData\Local\Programs\Warp\bin;C:\Users\Ciany\AppData\Local\GitHubDesktop\bin;C:\Users\Ciany\AppData\Local\Muse Hub\lib;C:\Users\Ciany\.dotnet\tools
USERNAME=Ciany
OS=Windows_NT
PROCESSOR_IDENTIFIER=AMD64 Family 23 Model 24 Stepping 1, AuthenticAMD
TMP=C:\Users\Ciany\AppData\Local\Temp
TEMP=C:\Users\Ciany\AppData\Local\Temp




Periodic native trim disabled

JNI global refs:
JNI global refs: 0, weak refs: 0

JNI global refs memory usage: 0, weak refs: 0

Process memory usage:
Resident Set Size: 13032K (0% of 22952204K total physical memory with 3007376K free physical memory)

OOME stack traces (most recent first):
Classloader memory used:

---------------  S Y S T E M  ---------------

OS:
 Windows 11 , 64 bit Build 26100 (10.0.26100.8328)
OS uptime: 0 days 4:19 hours
Hyper-V role detected

CPU: total 8 (initial active 8) (8 cores per cpu, 2 threads per core) family 23 model 24 stepping 1 microcode 0x810810d, cx8, cmov, fxsr, ht, mmx, 3dnowpref, sse, sse2, sse3, ssse3, sse4a, sse4.1, sse4.2, popcnt, lzcnt, tsc, tscinvbit, avx, avx2, aes, clmul, bmi1, bmi2, adx, sha, fma, vzeroupper, clflush, clflushopt, hv, rdtscp, f16c
Processor Information for the first 8 processors :
  Max Mhz: 2100, Current Mhz: 2100, Mhz Limit: 2100

Memory: 4k page, system-wide physical 22414M (2936M free)
TotalPageFile size 25807M (AvailPageFile size 112M)
current process WorkingSet (physical memory assigned to process): 12M, peak: 12M
current process commit charge ("private bytes"): 60M, peak: 412M

vm_info: OpenJDK 64-Bit Server VM (21.0.10+-14961533-b1163.108) for windows-amd64 JRE (21.0.10+-14961533-b1163.108), built on 2026-03-02T19:58:50Z by "builder" with MS VC++ 16.10 / 16.11 (VS2019)

END.
